******************************************************************************
                  TI ARM Linker Unix v18.12.5                  
******************************************************************************
>> Linked Sun Oct 18 02:28:11 2020

OUTPUT FILE NAME:   <MPU.out>
ENTRY POINT SYMBOL: "_c_int00_noinit_noargs"  address: 00000c39


MEMORY CONFIGURATION

         name            origin    length      used     unused   attr    fill
----------------------  --------  ---------  --------  --------  ----  --------
  FLASH                 00000000   00040000  00000c76  0003f38a  R  X
  SRAM                  20000000   00008000  00000800  00007800  RW X


SEGMENT ALLOCATION MAP

run origin  load origin   length   init length attrs members
----------  ----------- ---------- ----------- ----- -------
00000000    00000000    00000c76   00000c76    r-x
  00000000    00000000    0000026c   0000026c    r-- .intvecs
  0000026c    0000026c    00000a0a   00000a0a    r-x .text
20000000    20000000    00000800   00000000    rw-
  20000000    20000000    00000800   00000000    rw- .stack


SECTION ALLOCATION MAP

 output                                  attributes/
section   page    origin      length       input sections
--------  ----  ----------  ----------   ----------------
.intvecs   0    00000000    0000026c     
                  00000000    0000026c     tm4c123gh6pm_startup_ccs.obj (.intvecs)

.text      0    0000026c    00000a0a     
                  0000026c    000007fc     mpu.obj (.text)
                  00000a68    0000017c     uart0.obj (.text)
                  00000be4    00000054     mpu_s.obj (.text)
                  00000c38    0000002c     rtsv7M4_T_le_v4SPD16_eabi.lib : boot_cortex_m.c.obj (.text:_c_int00_noinit_noargs:_c_int00_noinit_noargs)
                  00000c64    0000000a     tm4c123gh6pm_startup_ccs.obj (.text)
                  00000c6e    00000004     rtsv7M4_T_le_v4SPD16_eabi.lib : pre_init.c.obj (.text:_system_pre_init)
                  00000c72    00000004                                   : exit.c.obj (.text:abort:abort)

.cinit     0    00000000    00000000     UNINITIALIZED

.init_array 
*          0    00000000    00000000     UNINITIALIZED

.stack     0    20000000    00000800     UNINITIALIZED
                  20000000    00000004     rtsv7M4_T_le_v4SPD16_eabi.lib : boot_cortex_m.c.obj (.stack)
                  20000004    000007fc     --HOLE--

MODULE SUMMARY

       Module                         code   ro data   rw data
       ------                         ----   -------   -------
    ./
       mpu.obj                        2044   0         0      
       tm4c123gh6pm_startup_ccs.obj   10     620       0      
       uart0.obj                      380    0         0      
       mpu_s.obj                      84     0         0      
    +--+------------------------------+------+---------+---------+
       Total:                         2518   620       0      
                                                              
    /Applications/ti/ccs930/ccs/tools/compiler/ti-cgt-arm_18.12.5.LTS/lib/rtsv7M4_T_le_v4SPD16_eabi.lib
       boot_cortex_m.c.obj            44     0         0      
       exit.c.obj                     4      0         0      
       pre_init.c.obj                 4      0         0      
    +--+------------------------------+------+---------+---------+
       Total:                         52     0         0      
                                                              
       Stack:                         0      0         2048   
    +--+------------------------------+------+---------+---------+
       Grand Total:                   2570   620       2048   


GLOBAL SYMBOLS: SORTED ALPHABETICALLY BY Name 

address   name                  
-------   ----                  
00000c73  C$$EXIT               
00000c65  ResetISR              
20000800  __STACK_END           
00000800  __STACK_SIZE          
20000200  __STACK_TOP           
ffffffff  __TI_pprof_out_hndl   
ffffffff  __TI_prof_data_size   
ffffffff  __TI_prof_data_start  
00000000  __TI_static_base__    
ffffffff  __binit__             
ffffffff  __c_args__            
UNDEFED   __mpu_init            
20000000  __stack               
00000c39  _c_int00_noinit_noargs
00000c6f  _system_pre_init      
00000c73  abort                 
ffffffff  binit                 
0000060f  busfaultISR           
00000000  g_pfnVectors          
00000c33  getMSP                
00000c2d  getPSP                
00000b71  getcUart0             
0000063d  hardfaultISR          
000005c5  initHw                
00000309  initMPU               
00000a69  initUart0             
00000b85  kbhitUart0            
00000879  main                  
0000069d  mpufaultISR           
00000809  pendsvISR             
00000bf7  privilegedmode        
00000b29  putcUart0             
00000b45  putsUart0             
00000c17  setASP                
00000c05  setPSP                
00000afd  setUart0BaudRate      
0000084d  thread                
00000277  uint32_tToHex         
00000619  usagefaultISR         
00000be9  usermode              
0000026d  waitPbPress           


GLOBAL SYMBOLS: SORTED BY Symbol Address 

address   name                  
-------   ----                  
00000000  __TI_static_base__    
00000000  g_pfnVectors          
0000026d  waitPbPress           
00000277  uint32_tToHex         
00000309  initMPU               
000005c5  initHw                
0000060f  busfaultISR           
00000619  usagefaultISR         
0000063d  hardfaultISR          
0000069d  mpufaultISR           
00000800  __STACK_SIZE          
00000809  pendsvISR             
0000084d  thread                
00000879  main                  
00000a69  initUart0             
00000afd  setUart0BaudRate      
00000b29  putcUart0             
00000b45  putsUart0             
00000b71  getcUart0             
00000b85  kbhitUart0            
00000be9  usermode              
00000bf7  privilegedmode        
00000c05  setPSP                
00000c17  setASP                
00000c2d  getPSP                
00000c33  getMSP                
00000c39  _c_int00_noinit_noargs
00000c65  ResetISR              
00000c6f  _system_pre_init      
00000c73  C$$EXIT               
00000c73  abort                 
20000000  __stack               
20000200  __STACK_TOP           
20000800  __STACK_END           
ffffffff  __TI_pprof_out_hndl   
ffffffff  __TI_prof_data_size   
ffffffff  __TI_prof_data_start  
ffffffff  __binit__             
ffffffff  __c_args__            
ffffffff  binit                 
UNDEFED   __mpu_init            

[41 symbols]
